// Jest Snapshot v1, https://goo.gl/fbAQLP

exports[`Shallow Answers Should render correctly 1`] = `
<div>
  <Answer
    answer="John Quincy Adams"
    key="0"
  />
  <Answer
    answer="Thomas Jefferson"
    key="1"
  />
  <Answer
    answer="Martin Van Buren"
    key="2"
  />
  <Answer
    answer="Ulysses Grant"
    key="3"
  />
</div>
`;
