// Jest Snapshot v1, https://goo.gl/fbAQLP

exports[`Shallow App Should render correctly 1`] = `
<Component
  className="App"
>
  <NavBar />
  <Switch>
    <Route
      exact={true}
      path="/"
    >
      <QuizSetup
        handleChange={[Function]}
      />
    </Route>
    <Route
      path="/quiz"
    >
      <Quiz
        quizInfo={
          Object {
            "category": "9",
            "difficulty": "easy",
            "numOfQuestions": "5",
          }
        }
      />
    </Route>
    <Route>
      <NotFound />
    </Route>
  </Switch>
</Component>
`;
