// Jest Snapshot v1, https://goo.gl/fbAQLP

exports[`Shallow Navigation Should render correctly 1`] = `
<div>
  <button
    id="nextBtn"
    onClick={[MockFunction]}
  >
    Next Question
  </button>
  <button
    id="previousBtn"
    onClick={[MockFunction]}
  >
    Previous Question
  </button>
</div>
`;
