// Jest Snapshot v1, https://goo.gl/fbAQLP

exports[`Shallow Question Should render correctly 1`] = `
<div>
  <h4
    id="questionName"
  >
    The likeness of which president is featured on the rare $2 bill of USA currency?
  </h4>
  <Answers
    answers={
      Array [
        "1",
        "2",
        "3",
        "4",
      ]
    }
  />
  <Submit />
</div>
`;
