// Jest Snapshot v1, https://goo.gl/fbAQLP

exports[`Shallow Quiz Should render correctly 1`] = `
<div>
  <Info
    question={
      Object {
        "current": 1,
        "total": 10,
      }
    }
    title="General Knowledge"
    users={1}
  />
  <Question
    questionInfo={
      Object {
        "category": "9",
        "correct_answer": "placeholder0",
        "difficulty": "easy",
        "incorrect_answers": Array [
          "1",
          "2",
          "3",
        ],
        "numOfPlayers": "1",
        "numOfQuestions": "5",
        "question": "this is a question",
      }
    }
    skip={[Function]}
    submit={[Function]}
  />
  <Navigation />
</div>
`;
