// Jest Snapshot v1, https://goo.gl/fbAQLP

exports[`Shallow Quiz Should render correctly 1`] = `
<div>
  <Info
    question={
      Object {
        "current": 1,
        "total": 10,
      }
    }
    title="General Knowledge"
    users={1}
  />
  <Question
    questionInfo={
      Object {
        "category": "category name!",
        "correct_answer": "Right!",
        "difficulty": "easy",
        "incorrect_answers": Array [
          "wrong 1",
          "wrong again",
          "still wrong",
        ],
        "question": "What frubeiwuchnwugfcnkw?",
      }
    }
    skip={[Function]}
    submit={[Function]}
  />
  <Navigation />
</div>
`;
