// Jest Snapshot v1, https://goo.gl/fbAQLP

exports[`Shallow QuizSetup Should render correctly 1`] = `
<div>
  <select>
    <option
      value="easy"
    >
      Easy
    </option>
    <option
      value="medium"
    >
      Medium
    </option>
    <option
      value="hard"
    >
      Hard
    </option>
  </select>
</div>
`;
